<html>
<body>
<pre>
<h1>礦ision Build Log</h1>
<h2>Tool Versions:</h2>
IDE-Version: μVision V5.28.0.0
Copyright (C) 2019 ARM Ltd and ARM Germany GmbH. All rights reserved.
License Information: Wang nbperso, HP Inc., LIC=9N0WF-6Q4YH-BVJ1G-VEL37-KRD79-00XGD
 
Tool Versions:
Toolchain:       MDK-ARM Professional  Version: 5.28.0.0
Toolchain Path:  C:\Tools\MDK_ARM\ARM\ARMCC\Bin
C Compiler:      Armcc.exe V5.06 update 6 (build 750)
Assembler:       Armasm.exe V5.06 update 6 (build 750)
Linker/Locator:  ArmLink.exe V5.06 update 6 (build 750)
Library Manager: ArmAr.exe V5.06 update 6 (build 750)
Hex Converter:   FromElf.exe V5.06 update 6 (build 750)
CPU DLL:         SARMCM3.DLL V5.28.0.0
Dialog DLL:      DCM.DLL V1.17.3.0
Target DLL:      STLink\ST-LINKIII-KEIL_SWO.dll V3.0.6.0
Dialog DLL:      TCM.DLL V1.36.2.0
 
<h2>Project:</h2>
C:\Users\nbperson\Desktop\STM32\NUCLEO_L432KC\GYRO\MDK-ARM\GYRO.uvprojx
Project File Date:  08/13/2019

<h2>Output:</h2>
*** Using Compiler 'V5.06 update 6 (build 750)', folder: 'C:\Tools\MDK_ARM\ARM\ARMCC\Bin'
Build target 'GYRO'
assembling startup_stm32l432xx.s...
compiling gpio.c...
compiling i2c.c...
compiling oled.c...
compiling main.c...
../Inc/mpu6050.h(77): warning:  #1295-D: Deprecated declaration Comp_filter - give arg types
  float Comp_filter();
../Inc/mpu6050.h(79): warning:  #1-D: last line of file ends without a newline
  #endif
../Src/main.c: 2 warnings, 0 errors
compiling mpu6050.c...
../Inc/mpu6050.h(77): warning:  #1295-D: Deprecated declaration Comp_filter - give arg types
  float Comp_filter();
../Inc/mpu6050.h(79): warning:  #1-D: last line of file ends without a newline
  #endif
..\Src\mpu6050.c(27): warning:  #550-D: variable "status"  was set but never used
  	HAL_StatusTypeDef status;
..\Src\mpu6050.c(28): warning:  #550-D: variable "flag"  was set but never used
  	HAL_I2C_StateTypeDef flag;
..\Src\mpu6050.c(90): warning:  #550-D: variable "status"  was set but never used
  	HAL_StatusTypeDef status;
..\Src\mpu6050.c(98): warning:  #177-D: variable "lingmin"  was declared but never referenced
  	short  lingmin=16384;//灵敏度 16384 
..\Src\mpu6050.c(99): warning:  #177-D: variable "tuol"  was declared but never referenced
  	float tuol=16.4f;
..\Src\mpu6050.c(311): warning:  #1035-D: single-precision operand implicitly converted to double-precision
  	aacx = 0.7*acc_x_last+0.3*aacx;			//对加速度进行低通滤波
..\Src\mpu6050.c(315): warning:  #1035-D: single-precision operand implicitly converted to double-precision
  	angle_ax=angle_ax*180/3.14159;//弧度转换成角度
..\Src\mpu6050.c(317): warning:  #1035-D: single-precision operand implicitly converted to double-precision
  	toly = 0.7*gyro_y_last+0.3*toly;			//对角速度进行低通滤波
..\Src\mpu6050.c(324): warning:  #1035-D: single-precision operand implicitly converted to double-precision
  	angle=FILTER_NUMBER*(angle+angle_gy*0.004)+(1-FILTER_NUMBER)*angle_ax;//一阶互补滤波,4ms一次
..\Src\mpu6050.c(327): warning:  #1-D: last line of file ends without a newline
  }
..\Src\mpu6050.c: 12 warnings, 0 errors
compiling inv_mpu.c...
..\eMPL\inv_mpu.c(666): warning:  #223-D: function "HAL_i2c_write" declared implicitly
          if (i2c_write(st.hw->addr, st.reg->int_enable, 1, &tmp))
..\eMPL\inv_mpu.c(678): warning:  #223-D: function "HAL_i2c_write" declared implicitly
          if (i2c_write(st.hw->addr, st.reg->int_enable, 1, &tmp))
..\eMPL\inv_mpu.c(697): warning:  #223-D: function "HAL_i2c_read" declared implicitly
          if (i2c_read(st.hw->addr, ii, 1, &data))
..\eMPL\inv_mpu.c(717): warning:  #223-D: function "HAL_i2c_read" declared implicitly
      return i2c_read(st.hw->addr, reg, 1, data);
..\eMPL\inv_mpu.c(739): warning:  #223-D: function "HAL_i2c_write" declared implicitly
      if (i2c_write(st.hw->addr, st.reg->pwr_mgmt_1, 1, data))
..\eMPL\inv_mpu.c(745): warning:  #223-D: function "HAL_i2c_write" declared implicitly
      if (i2c_write(st.hw->addr, st.reg->pwr_mgmt_1, 1, data))
..\eMPL\inv_mpu.c(750): warning:  #223-D: function "HAL_i2c_read" declared implicitly
      if (i2c_read(st.hw->addr, st.reg->accel_offs, 6, data))
..\eMPL\inv_mpu.c(766): warning:  #223-D: function "HAL_i2c_read" declared implicitly
          if (i2c_read(st.hw->addr, st.reg->prod_id, 1, data))
..\eMPL\inv_mpu.c(875): warning:  #223-D: function "HAL_i2c_write" declared implicitly
          if (i2c_write(st.hw->addr, st.reg->pwr_mgmt_1, 2, tmp))
..\eMPL\inv_mpu.c(904): warning:  #223-D: function "HAL_i2c_write" declared implicitly
      if (i2c_write(st.hw->addr, st.reg->pwr_mgmt_1, 2, tmp))
..\eMPL\inv_mpu.c(955): warning:  #223-D: function "HAL_i2c_read" declared implicitly
      if (i2c_read(st.hw->addr, st.reg->raw_gyro, 6, tmp))
..\eMPL\inv_mpu.c(978): warning:  #223-D: function "HAL_i2c_read" declared implicitly
      if (i2c_read(st.hw->addr, st.reg->raw_accel, 6, tmp))
..\eMPL\inv_mpu.c(1002): warning:  #223-D: function "HAL_i2c_read" declared implicitly
      if (i2c_read(st.hw->addr, st.reg->temp, 2, tmp))
..\eMPL\inv_mpu.c(1031): warning:  #223-D: function "HAL_i2c_read" declared implicitly
      if (i2c_read(st.hw->addr, 3, 3, data))
..\eMPL\inv_mpu.c(1041): warning:  #223-D: function "HAL_i2c_read" declared implicitly
      if (i2c_read(st.hw->addr, 0x06, 6, data))
..\eMPL\inv_mpu.c(1059): warning:  #223-D: function "HAL_i2c_write" declared implicitly
      if (i2c_write(st.hw->addr, 0x06, 6, data))
..\eMPL\inv_mpu.c(1076): warning:  #223-D: function "HAL_i2c_write" declared implicitly
      if (i2c_write(st.hw->addr, st.reg->int_enable, 1, &data))
..\eMPL\inv_mpu.c(1078): warning:  #223-D: function "HAL_i2c_write" declared implicitly
      if (i2c_write(st.hw->addr, st.reg->fifo_en, 1, &data))
..\eMPL\inv_mpu.c(1080): warning:  #223-D: function "HAL_i2c_write" declared implicitly
      if (i2c_write(st.hw->addr, st.reg->user_ctrl, 1, &data))
..\eMPL\inv_mpu.c(1085): warning:  #223-D: function "HAL_i2c_write" declared implicitly
          if (i2c_write(st.hw->addr, st.reg->user_ctrl, 1, &data))
..\eMPL\inv_mpu.c(1091): warning:  #223-D: function "HAL_i2c_write" declared implicitly
          if (i2c_write(st.hw->addr, st.reg->user_ctrl, 1, &data))
..\eMPL\inv_mpu.c(1097): warning:  #223-D: function "HAL_i2c_write" declared implicitly
          if (i2c_write(st.hw->addr, st.reg->int_enable, 1, &data))
..\eMPL\inv_mpu.c(1100): warning:  #223-D: function "HAL_i2c_write" declared implicitly
          if (i2c_write(st.hw->addr, st.reg->fifo_en, 1, &data))
..\eMPL\inv_mpu.c(1104): warning:  #223-D: function "HAL_i2c_write" declared implicitly
          if (i2c_write(st.hw->addr, st.reg->user_ctrl, 1, &data))
..\eMPL\inv_mpu.c(1110): warning:  #223-D: function "HAL_i2c_write" declared implicitly
          if (i2c_write(st.hw->addr, st.reg->user_ctrl, 1, &data))
..\eMPL\inv_mpu.c(1117): warning:  #223-D: function "HAL_i2c_write" declared implicitly
          if (i2c_write(st.hw->addr, st.reg->int_enable, 1, &data))
..\eMPL\inv_mpu.c(1119): warning:  #223-D: function "HAL_i2c_write" declared implicitly
          if (i2c_write(st.hw->addr, st.reg->fifo_en, 1, &st.chip_cfg.fifo_enable))
..\eMPL\inv_mpu.c(1183): warning:  #223-D: function "HAL_i2c_write" declared implicitly
      if (i2c_write(st.hw->addr, st.reg->gyro_cfg, 1, &data))
..\eMPL\inv_mpu.c(1248): warning:  #223-D: function "HAL_i2c_write" declared implicitly
      if (i2c_write(st.hw->addr, st.reg->accel_cfg, 1, &data))
..\eMPL\inv_mpu.c(1317): warning:  #223-D: function "HAL_i2c_write" declared implicitly
      if (i2c_write(st.hw->addr, st.reg->lpf, 1, &data))
..\eMPL\inv_mpu.c(1370): warning:  #223-D: function "HAL_i2c_write" declared implicitly
          if (i2c_write(st.hw->addr, st.reg->rate_div, 1, &data))
..\eMPL\inv_mpu.c(1581): warning:  #223-D: function "HAL_i2c_write" declared implicitly
      if (i2c_write(st.hw->addr, st.reg->pwr_mgmt_1, 1, &data)) {
..\eMPL\inv_mpu.c(1596): warning:  #223-D: function "HAL_i2c_write" declared implicitly
      if (i2c_write(st.hw->addr, st.reg->pwr_mgmt_2, 1, &data)) {
..\eMPL\inv_mpu.c(1650): warning:  #223-D: function "HAL_i2c_read" declared implicitly
      if (i2c_read(st.hw->addr, st.reg->dmp_int_status, 2, tmp))
..\eMPL\inv_mpu.c(1700): warning:  #223-D: function "HAL_i2c_read" declared implicitly
      if (i2c_read(st.hw->addr, st.reg->fifo_count_h, 2, data))
..\eMPL\inv_mpu.c(1708): warning:  #223-D: function "HAL_i2c_read" declared implicitly
          if (i2c_read(st.hw->addr, st.reg->int_status, 1, data))
..\eMPL\inv_mpu.c(1717): warning:  #223-D: function "HAL_i2c_read" declared implicitly
      if (i2c_read(st.hw->addr, st.reg->fifo_r_w, packet_size, data))
..\eMPL\inv_mpu.c(1765): warning:  #223-D: function "HAL_i2c_read" declared implicitly
      if (i2c_read(st.hw->addr, st.reg->fifo_count_h, 2, tmp))
..\eMPL\inv_mpu.c(1774): warning:  #223-D: function "HAL_i2c_read" declared implicitly
          if (i2c_read(st.hw->addr, st.reg->int_status, 1, tmp))
..\eMPL\inv_mpu.c(1782): warning:  #223-D: function "HAL_i2c_read" declared implicitly
      if (i2c_read(st.hw->addr, st.reg->fifo_r_w, length, data))
..\eMPL\inv_mpu.c(1801): warning:  #223-D: function "HAL_i2c_read" declared implicitly
          if (i2c_read(st.hw->addr, st.reg->user_ctrl, 1, &tmp))
..\eMPL\inv_mpu.c(1804): warning:  #223-D: function "HAL_i2c_write" declared implicitly
          if (i2c_write(st.hw->addr, st.reg->user_ctrl, 1, &tmp))
..\eMPL\inv_mpu.c(1812): warning:  #223-D: function "HAL_i2c_write" declared implicitly
          if (i2c_write(st.hw->addr, st.reg->int_pin_cfg, 1, &tmp))
..\eMPL\inv_mpu.c(1816): warning:  #223-D: function "HAL_i2c_read" declared implicitly
          if (i2c_read(st.hw->addr, st.reg->user_ctrl, 1, &tmp))
..\eMPL\inv_mpu.c(1822): warning:  #223-D: function "HAL_i2c_write" declared implicitly
          if (i2c_write(st.hw->addr, st.reg->user_ctrl, 1, &tmp))
..\eMPL\inv_mpu.c(1831): warning:  #223-D: function "HAL_i2c_write" declared implicitly
          if (i2c_write(st.hw->addr, st.reg->int_pin_cfg, 1, &tmp))
..\eMPL\inv_mpu.c(1869): warning:  #223-D: function "HAL_i2c_write" declared implicitly
      if (i2c_write(st.hw->addr, st.reg->int_pin_cfg, 1, &tmp))
..\eMPL\inv_mpu.c(1880): warning:  #223-D: function "HAL_i2c_read" declared implicitly
      if (i2c_read(st.hw->addr, 0x0D, 4, tmp))
..\eMPL\inv_mpu.c(1927): warning:  #223-D: function "HAL_i2c_read" declared implicitly
      if (i2c_read(st.hw->addr, 0x0D, 3, tmp))
..\eMPL\inv_mpu.c(2013): warning:  #223-D: function "HAL_i2c_write" declared implicitly
      if (i2c_write(st.hw->addr, st.reg->pwr_mgmt_1, 2, data))
..\eMPL\inv_mpu.c(2017): warning:  #223-D: function "HAL_i2c_write" declared implicitly
      if (i2c_write(st.hw->addr, st.reg->int_enable, 1, data))
..\eMPL\inv_mpu.c(2019): warning:  #223-D: function "HAL_i2c_write" declared implicitly
      if (i2c_write(st.hw->addr, st.reg->fifo_en, 1, data))
..\eMPL\inv_mpu.c(2021): warning:  #223-D: function "HAL_i2c_write" declared implicitly
      if (i2c_write(st.hw->addr, st.reg->pwr_mgmt_1, 1, data))
..\eMPL\inv_mpu.c(2023): warning:  #223-D: function "HAL_i2c_write" declared implicitly
      if (i2c_write(st.hw->addr, st.reg->i2c_mst, 1, data))
..\eMPL\inv_mpu.c(2025): warning:  #223-D: function "HAL_i2c_write" declared implicitly
      if (i2c_write(st.hw->addr, st.reg->user_ctrl, 1, data))
..\eMPL\inv_mpu.c(2028): warning:  #223-D: function "HAL_i2c_write" declared implicitly
      if (i2c_write(st.hw->addr, st.reg->user_ctrl, 1, data))
..\eMPL\inv_mpu.c(2032): warning:  #223-D: function "HAL_i2c_write" declared implicitly
      if (i2c_write(st.hw->addr, st.reg->lpf, 1, data))
..\eMPL\inv_mpu.c(2035): warning:  #223-D: function "HAL_i2c_write" declared implicitly
      if (i2c_write(st.hw->addr, st.reg->rate_div, 1, data))
..\eMPL\inv_mpu.c(2041): warning:  #223-D: function "HAL_i2c_write" declared implicitly
      if (i2c_write(st.hw->addr, st.reg->gyro_cfg, 1, data))
..\eMPL\inv_mpu.c(2048): warning:  #223-D: function "HAL_i2c_write" declared implicitly
      if (i2c_write(st.hw->addr, st.reg->accel_cfg, 1, data))
..\eMPL\inv_mpu.c(2055): warning:  #223-D: function "HAL_i2c_write" declared implicitly
      if (i2c_write(st.hw->addr, st.reg->user_ctrl, 1, data))
..\eMPL\inv_mpu.c(2059): warning:  #223-D: function "HAL_i2c_write" declared implicitly
      if (i2c_write(st.hw->addr, st.reg->fifo_en, 1, data))
..\eMPL\inv_mpu.c(2063): warning:  #223-D: function "HAL_i2c_write" declared implicitly
      if (i2c_write(st.hw->addr, st.reg->fifo_en, 1, data))
..\eMPL\inv_mpu.c(2066): warning:  #223-D: function "HAL_i2c_read" declared implicitly
      if (i2c_read(st.hw->addr, st.reg->fifo_count_h, 2, data))
..\eMPL\inv_mpu.c(2076): warning:  #223-D: function "HAL_i2c_read" declared implicitly
          if (i2c_read(st.hw->addr, st.reg->fifo_r_w, MAX_PACKET_LENGTH, data))
..\eMPL\inv_mpu.c(2264): warning:  #223-D: function "HAL_i2c_write" declared implicitly
      if (i2c_write(st.hw->addr, st.reg->bank_sel, 2, tmp))
..\eMPL\inv_mpu.c(2266): warning:  #223-D: function "HAL_i2c_write" declared implicitly
      if (i2c_write(st.hw->addr, st.reg->mem_r_w, length, data))
..\eMPL\inv_mpu.c(2297): warning:  #223-D: function "HAL_i2c_write" declared implicitly
      if (i2c_write(st.hw->addr, st.reg->bank_sel, 2, tmp))
..\eMPL\inv_mpu.c(2299): warning:  #223-D: function "HAL_i2c_read" declared implicitly
      if (i2c_read(st.hw->addr, st.reg->mem_r_w, length, data))
..\eMPL\inv_mpu.c(2340): warning:  #223-D: function "HAL_i2c_write" declared implicitly
      if (i2c_write(st.hw->addr, st.reg->prgm_start_h, 2, tmp))
..\eMPL\inv_mpu.c(2370): warning:  #223-D: function "HAL_i2c_write" declared implicitly
          i2c_write(st.hw->addr, 0x23, 1, &tmp);
..\eMPL\inv_mpu.c(2380): warning:  #223-D: function "HAL_i2c_write" declared implicitly
          i2c_write(st.hw->addr, 0x23, 1, &tmp);
..\eMPL\inv_mpu.c(2686): warning:  #223-D: function "HAL_i2c_write" declared implicitly
          if (i2c_write(st.hw->addr, st.reg->lpf, 1, data))
..\eMPL\inv_mpu.c(2697): warning:  #223-D: function "HAL_i2c_write" declared implicitly
          if (i2c_write(st.hw->addr, st.reg->int_enable, 1, data))
..\eMPL\inv_mpu.c(2703): warning:  #223-D: function "HAL_i2c_write" declared implicitly
          if (i2c_write(st.hw->addr, st.reg->motion_thr, 2, data))
..\eMPL\inv_mpu.c(2709): warning:  #223-D: function "HAL_i2c_write" declared implicitly
          if (i2c_write(st.hw->addr, st.reg->accel_cfg, 1, data))
..\eMPL\inv_mpu.c(2723): warning:  #223-D: function "HAL_i2c_write" declared implicitly
          if (i2c_write(st.hw->addr, st.reg->pwr_mgmt_1, 2, data))
..\eMPL\inv_mpu.c: 77 warnings, 0 errors
compiling inv_mpu_dmp_motion_driver.c...
compiling stm32l4xx_hal_msp.c...
compiling stm32l4xx_hal_tim_ex.c...
compiling stm32l4xx_hal_tim.c...
compiling stm32l4xx_hal_i2c_ex.c...
compiling stm32l4xx_it.c...
compiling stm32l4xx_hal.c...
compiling stm32l4xx_hal_i2c.c...
compiling stm32l4xx_hal_flash_ramfunc.c...
compiling stm32l4xx_hal_flash.c...
compiling stm32l4xx_hal_gpio.c...
compiling stm32l4xx_hal_dma.c...
compiling stm32l4xx_hal_flash_ex.c...
compiling stm32l4xx_hal_rcc.c...
compiling stm32l4xx_hal_rcc_ex.c...
compiling stm32l4xx_hal_dma_ex.c...
compiling stm32l4xx_hal_exti.c...
compiling stm32l4xx_hal_cortex.c...
compiling system_stm32l4xx.c...
compiling stm32l4xx_hal_pwr.c...
compiling stm32l4xx_hal_pwr_ex.c...
linking...
Program Size: Code=22426 RO-data=6030 RW-data=108 ZI-data=1116  
FromELF: creating hex file...
"GYRO\GYRO.axf" - 0 Error(s), 91 Warning(s).

<h2>Software Packages used:</h2>

Package Vendor: ARM
                http://www.keil.com/pack/ARM.CMSIS.5.5.1.pack
                ARM.CMSIS.5.5.1
                CMSIS (Cortex Microcontroller Software Interface Standard)
   * Component: CORE Version: 5.2.0

Package Vendor: Keil
                http://www.keil.com/pack/Keil.STM32L4xx_DFP.2.2.0.pack
                Keil.STM32L4xx_DFP.2.2.0
                STMicroelectronics STM32L4 Series Device Support, Drivers and Examples

<h2>Collection of Component include folders:</h2>
  .\RTE\_GYRO
  C:\Users\nbperson\AppData\Local\Arm\Packs\ARM\CMSIS\5.5.1\CMSIS\Core\Include
  C:\Users\nbperson\AppData\Local\Arm\Packs\Keil\STM32L4xx_DFP\2.2.0\Drivers\CMSIS\Device\ST\STM32L4xx\Include

<h2>Collection of Component Files used:</h2>

   * Component: ARM::CMSIS:CORE:5.2.0
Build Time Elapsed:  00:00:51
</pre>
</body>
</html>
