<html>
<body>
<pre>
<h1>µVision Build Log</h1>
<h2>Tool Versions:</h2>
IDE-Version: ¦ÌVision V5.28.0.0
Copyright (C) 2019 ARM Ltd and ARM Germany GmbH. All rights reserved.
License Information: Wang nbperso, HP Inc., LIC=9N0WF-6Q4YH-BVJ1G-VEL37-KRD79-00XGD
 
Tool Versions:
Toolchain:       MDK-ARM Professional  Version: 5.28.0.0
Toolchain Path:  C:\Tools\MDK_ARM\ARM\ARMCC\Bin
C Compiler:      Armcc.exe V5.06 update 6 (build 750)
Assembler:       Armasm.exe V5.06 update 6 (build 750)
Linker/Locator:  ArmLink.exe V5.06 update 6 (build 750)
Library Manager: ArmAr.exe V5.06 update 6 (build 750)
Hex Converter:   FromElf.exe V5.06 update 6 (build 750)
CPU DLL:         SARMCM3.DLL V5.28.0.0
Dialog DLL:      DCM.DLL V1.17.3.0
Target DLL:      STLink\ST-LINKIII-KEIL_SWO.dll V3.0.6.0
Dialog DLL:      TCM.DLL V1.36.2.0
 
<h2>Project:</h2>
C:\Users\nbperson\Desktop\STM32\NUCLEO_L432KC\GY25\MDK-ARM\GY25.uvprojx
Project File Date:  08/06/2019

<h2>Output:</h2>
*** Using Compiler 'V5.06 update 6 (build 750)', folder: 'C:\Tools\MDK_ARM\ARM\ARMCC\Bin'
Build target 'GY25'
compiling main.c...
../Inc/gy25.h(8): warning:  #1295-D: Deprecated declaration GY25_Init - give arg types
  void GY25_Init();
../Inc/gy25.h(9): warning:  #1295-D: Deprecated declaration Send_CMD - give arg types
  void Send_CMD();
../Inc/gy25.h(12): warning:  #1-D: last line of file ends without a newline
  #endif
../Src/main.c: 3 warnings, 0 errors
compiling gy25.c...
../Inc/gy25.h(8): warning:  #1295-D: Deprecated declaration GY25_Init - give arg types
  void GY25_Init();
../Inc/gy25.h(9): warning:  #1295-D: Deprecated declaration Send_CMD - give arg types
  void Send_CMD();
../Inc/gy25.h(12): warning:  #1-D: last line of file ends without a newline
  #endif
..\Src\gy25.c(25): warning:  #181-D: argument is incompatible with corresponding format string conversion
  		printf("%f\t",YAW);
..\Src\gy25.c(26): warning:  #181-D: argument is incompatible with corresponding format string conversion
  		printf("%f\t",PITCH);
..\Src\gy25.c(27): warning:  #181-D: argument is incompatible with corresponding format string conversion
  		printf("%f\t\n",ROLL);
..\Src\gy25.c: 6 warnings, 0 errors
linking...
Program Size: Code=10580 RO-data=500 RW-data=40 ZI-data=1280  
FromELF: creating hex file...
"GY25\GY25.axf" - 0 Error(s), 9 Warning(s).

<h2>Software Packages used:</h2>

Package Vendor: ARM
                http://www.keil.com/pack/ARM.CMSIS.5.5.1.pack
                ARM.CMSIS.5.5.1
                CMSIS (Cortex Microcontroller Software Interface Standard)
   * Component: CORE Version: 5.2.0

Package Vendor: Keil
                http://www.keil.com/pack/Keil.STM32L4xx_DFP.2.2.0.pack
                Keil.STM32L4xx_DFP.2.2.0
                STMicroelectronics STM32L4 Series Device Support, Drivers and Examples

<h2>Collection of Component include folders:</h2>
  .\RTE\_GY25
  C:\Users\nbperson\AppData\Local\Arm\Packs\ARM\CMSIS\5.5.1\CMSIS\Core\Include
  C:\Users\nbperson\AppData\Local\Arm\Packs\Keil\STM32L4xx_DFP\2.2.0\Drivers\CMSIS\Device\ST\STM32L4xx\Include

<h2>Collection of Component Files used:</h2>

   * Component: ARM::CMSIS:CORE:5.2.0
Build Time Elapsed:  00:00:03
</pre>
</body>
</html>
