<html>
<body>
<pre>
<h1>礦ision Build Log</h1>
<h2>Tool Versions:</h2>
IDE-Version: μVision V5.28.0.0
Copyright (C) 2019 ARM Ltd and ARM Germany GmbH. All rights reserved.
License Information: Wang nbperso, HP Inc., LIC=9N0WF-6Q4YH-BVJ1G-VEL37-KRD79-00XGD
 
Tool Versions:
Toolchain:       MDK-ARM Professional  Version: 5.28.0.0
Toolchain Path:  C:\Tools\MDK_ARM\ARM\ARMCC\Bin
C Compiler:      Armcc.exe V5.06 update 6 (build 750)
Assembler:       Armasm.exe V5.06 update 6 (build 750)
Linker/Locator:  ArmLink.exe V5.06 update 6 (build 750)
Library Manager: ArmAr.exe V5.06 update 6 (build 750)
Hex Converter:   FromElf.exe V5.06 update 6 (build 750)
CPU DLL:         SARMCM3.DLL V5.28.0.0
Dialog DLL:      DCM.DLL V1.17.3.0
Target DLL:      CMSIS_AGDI.dll V1.31.18.0
Dialog DLL:      TCM.DLL V1.36.2.0
 
<h2>Project:</h2>
C:\Users\nbperson\Desktop\STM32\F103VE\ILI9341\MDK-ARM\ILI9341.uvprojx
Project File Date:  08/13/2019

<h2>Output:</h2>
*** Using Compiler 'V5.06 update 6 (build 750)', folder: 'C:\Tools\MDK_ARM\ARM\ARMCC\Bin'
Build target 'ILI9341'
compiling mpu6050.c...
../Inc/mpu6050.h(77): warning:  #1295-D: Deprecated declaration Comp_filter - give arg types
  float Comp_filter();
../Inc/mpu6050.h(79): warning:  #1-D: last line of file ends without a newline
  #endif
..\Src\mpu6050.c(26): warning:  #550-D: variable "status"  was set but never used
  	HAL_StatusTypeDef status;
..\Src\mpu6050.c(27): warning:  #550-D: variable "flag"  was set but never used
  	HAL_I2C_StateTypeDef flag;
..\Src\mpu6050.c(89): warning:  #550-D: variable "status"  was set but never used
  	HAL_StatusTypeDef status;
..\Src\mpu6050.c(93): warning:  #550-D: variable "aacx"  was set but never used
  	short aacx,aacy,aacz; //加速度
..\Src\mpu6050.c(93): warning:  #550-D: variable "aacy"  was set but never used
  	short aacx,aacy,aacz; //加速度
..\Src\mpu6050.c(93): warning:  #550-D: variable "aacz"  was set but never used
  	short aacx,aacy,aacz; //加速度
..\Src\mpu6050.c(94): warning:  #550-D: variable "tolx"  was set but never used
  	short tolx,toly,tolz;
..\Src\mpu6050.c(94): warning:  #550-D: variable "toly"  was set but never used
  	short tolx,toly,tolz;
..\Src\mpu6050.c(94): warning:  #550-D: variable "tolz"  was set but never used
  	short tolx,toly,tolz;
..\Src\mpu6050.c(96): warning:  #550-D: variable "temp"  was set but never used
  	float temp;
..\Src\mpu6050.c(97): warning:  #177-D: variable "lingmin"  was declared but never referenced
  	short  lingmin=16384;//灵敏度 16384 
..\Src\mpu6050.c(98): warning:  #177-D: variable "tuol"  was declared but never referenced
  	float tuol=16.4f;
..\Src\mpu6050.c(326): warning:  #1-D: last line of file ends without a newline
  }
..\Src\mpu6050.c: 15 warnings, 0 errors
linking...
Program Size: Code=21852 RO-data=5348 RW-data=140 ZI-data=1212  
FromELF: creating hex file...
"ILI9341\ILI9341.axf" - 0 Error(s), 15 Warning(s).

<h2>Software Packages used:</h2>

Package Vendor: ARM
                http://www.keil.com/pack/ARM.CMSIS.5.5.1.pack
                ARM.CMSIS.5.5.1
                CMSIS (Cortex Microcontroller Software Interface Standard)
   * Component: CORE Version: 5.2.0

Package Vendor: Keil
                http://www.keil.com/pack/Keil.STM32F1xx_DFP.2.3.0.pack
                Keil.STM32F1xx_DFP.2.3.0
                STMicroelectronics STM32F1 Series Device Support, Drivers and Examples

<h2>Collection of Component include folders:</h2>
  .\RTE\_ILI9341
  C:\Users\nbperson\AppData\Local\Arm\Packs\ARM\CMSIS\5.5.1\CMSIS\Core\Include
  C:\Users\nbperson\AppData\Local\Arm\Packs\Keil\STM32F1xx_DFP\2.3.0\Device\Include

<h2>Collection of Component Files used:</h2>

   * Component: ARM::CMSIS:CORE:5.2.0
Build Time Elapsed:  00:00:01
</pre>
</body>
</html>
